// Jest Snapshot v1, https://goo.gl/fbAQLP

exports[`Homepage Display snapshot test 1`] = `
Object {
  "asFragment": [Function],
  "baseElement": <body>
    <div>
      <div
        class="ui centered padded grid"
      >
        <a
          href="/unit/615f9936490575598b5a0835"
        >
          <div
            class="ui card"
            style="margin-bottom: 10px; margin-top: 10px; margin-right: 10px;"
          >
            <div
              class="content"
            >
              <div
                class="header"
              >
                COMP2320
              </div>
            </div>
            <div
              class="content"
            >
              <div
                class="description"
              >
                Offensive Security
              </div>
            </div>
            <div
              class="extra content"
            >
              <div
                class="ui star disabled rating"
                role="radiogroup"
                tabindex="0"
              >
                <i
                  aria-checked="false"
                  aria-posinset="1"
                  aria-setsize="5"
                  class="active icon"
                  role="radio"
                  tabindex="-1"
                />
                <i
                  aria-checked="false"
                  aria-posinset="2"
                  aria-setsize="5"
                  class="active icon"
                  role="radio"
                  tabindex="-1"
                />
                <i
                  aria-checked="false"
                  aria-posinset="3"
                  aria-setsize="5"
                  class="icon"
                  role="radio"
                  tabindex="-1"
                />
                <i
                  aria-checked="false"
                  aria-posinset="4"
                  aria-setsize="5"
                  class="icon"
                  role="radio"
                  tabindex="-1"
                />
                <i
                  aria-checked="false"
                  aria-posinset="5"
                  aria-setsize="5"
                  class="icon"
                  role="radio"
                  tabindex="-1"
                />
              </div>
               (
              6
               Ratings)
            </div>
          </div>
        </a>
        <a
          href="/unit/615f9a3f490575598b5a0854"
        >
          <div
            class="ui card"
            style="margin-bottom: 10px; margin-top: 10px; margin-right: 10px;"
          >
            <div
              class="content"
            >
              <div
                class="header"
              >
                COMP5323
              </div>
            </div>
            <div
              class="content"
            >
              <div
                class="description"
              >
                345634534t45h45htr4
              </div>
            </div>
            <div
              class="extra content"
            >
              <div
                class="ui star disabled rating"
                role="radiogroup"
                tabindex="0"
              >
                <i
                  aria-checked="false"
                  aria-posinset="1"
                  aria-setsize="5"
                  class="active icon"
                  role="radio"
                  tabindex="-1"
                />
                <i
                  aria-checked="false"
                  aria-posinset="2"
                  aria-setsize="5"
                  class="active icon"
                  role="radio"
                  tabindex="-1"
                />
                <i
                  aria-checked="true"
                  aria-posinset="3"
                  aria-setsize="5"
                  class="active icon"
                  role="radio"
                  tabindex="-1"
                />
                <i
                  aria-checked="false"
                  aria-posinset="4"
                  aria-setsize="5"
                  class="icon"
                  role="radio"
                  tabindex="-1"
                />
                <i
                  aria-checked="false"
                  aria-posinset="5"
                  aria-setsize="5"
                  class="icon"
                  role="radio"
                  tabindex="-1"
                />
              </div>
               (
              4
               Ratings)
            </div>
          </div>
        </a>
        <a
          href="/unit/6163d3bfdd4d7c1df98aa57e"
        >
          <div
            class="ui card"
            style="margin-bottom: 10px; margin-top: 10px; margin-right: 10px;"
          >
            <div
              class="content"
            >
              <div
                class="header"
              >
                COMP34634
              </div>
            </div>
            <div
              class="content"
            >
              <div
                class="description"
              >
                ntrgmnhmyytju,,,,,u.
              </div>
            </div>
            <div
              class="extra content"
            >
              <div
                class="ui star disabled rating"
                role="radiogroup"
                tabindex="0"
              >
                <i
                  aria-checked="false"
                  aria-posinset="1"
                  aria-setsize="5"
                  class="active icon"
                  role="radio"
                  tabindex="-1"
                />
                <i
                  aria-checked="true"
                  aria-posinset="2"
                  aria-setsize="5"
                  class="active icon"
                  role="radio"
                  tabindex="-1"
                />
                <i
                  aria-checked="false"
                  aria-posinset="3"
                  aria-setsize="5"
                  class="icon"
                  role="radio"
                  tabindex="-1"
                />
                <i
                  aria-checked="false"
                  aria-posinset="4"
                  aria-setsize="5"
                  class="icon"
                  role="radio"
                  tabindex="-1"
                />
                <i
                  aria-checked="false"
                  aria-posinset="5"
                  aria-setsize="5"
                  class="icon"
                  role="radio"
                  tabindex="-1"
                />
              </div>
               (
              2
               Ratings)
            </div>
          </div>
        </a>
        <a
          href="/unit/6167684c2f84f347c78fece9"
        >
          <div
            class="ui card"
            style="margin-bottom: 10px; margin-top: 10px; margin-right: 10px;"
          >
            <div
              class="content"
            >
              <div
                class="header"
              >
                ENGG3465
              </div>
            </div>
            <div
              class="content"
            >
              <div
                class="description"
              >
                tgrtjy
              </div>
            </div>
            <div
              class="extra content"
            >
              <div
                class="ui star disabled rating"
                role="radiogroup"
                tabindex="0"
              >
                <i
                  aria-checked="false"
                  aria-posinset="1"
                  aria-setsize="5"
                  class="active icon"
                  role="radio"
                  tabindex="-1"
                />
                <i
                  aria-checked="false"
                  aria-posinset="2"
                  aria-setsize="5"
                  class="active icon"
                  role="radio"
                  tabindex="-1"
                />
                <i
                  aria-checked="false"
                  aria-posinset="3"
                  aria-setsize="5"
                  class="icon"
                  role="radio"
                  tabindex="-1"
                />
                <i
                  aria-checked="false"
                  aria-posinset="4"
                  aria-setsize="5"
                  class="icon"
                  role="radio"
                  tabindex="-1"
                />
                <i
                  aria-checked="false"
                  aria-posinset="5"
                  aria-setsize="5"
                  class="icon"
                  role="radio"
                  tabindex="-1"
                />
              </div>
               (
              2
               Ratings)
            </div>
          </div>
        </a>
        <a
          href="/unit/61676be72f84f347c78fed15"
        >
          <div
            class="ui card"
            style="margin-bottom: 10px; margin-top: 10px; margin-right: 10px;"
          >
            <div
              class="content"
            >
              <div
                class="header"
              >
                PHYS45645
              </div>
            </div>
            <div
              class="content"
            >
              <div
                class="description"
              >
                trhrtjhyktyuyikty
              </div>
            </div>
            <div
              class="extra content"
            >
              <div
                class="ui star disabled rating"
                role="radiogroup"
                tabindex="0"
              >
                <i
                  aria-checked="false"
                  aria-posinset="1"
                  aria-setsize="5"
                  class="active icon"
                  role="radio"
                  tabindex="-1"
                />
                <i
                  aria-checked="false"
                  aria-posinset="2"
                  aria-setsize="5"
                  class="active icon"
                  role="radio"
                  tabindex="-1"
                />
                <i
                  aria-checked="false"
                  aria-posinset="3"
                  aria-setsize="5"
                  class="icon"
                  role="radio"
                  tabindex="-1"
                />
                <i
                  aria-checked="false"
                  aria-posinset="4"
                  aria-setsize="5"
                  class="icon"
                  role="radio"
                  tabindex="-1"
                />
                <i
                  aria-checked="false"
                  aria-posinset="5"
                  aria-setsize="5"
                  class="icon"
                  role="radio"
                  tabindex="-1"
                />
              </div>
               (
              3
               Ratings)
            </div>
          </div>
        </a>
      </div>
    </div>
  </body>,
  "container": <div>
    <div
      class="ui centered padded grid"
    >
      <a
        href="/unit/615f9936490575598b5a0835"
      >
        <div
          class="ui card"
          style="margin-bottom: 10px; margin-top: 10px; margin-right: 10px;"
        >
          <div
            class="content"
          >
            <div
              class="header"
            >
              COMP2320
            </div>
          </div>
          <div
            class="content"
          >
            <div
              class="description"
            >
              Offensive Security
            </div>
          </div>
          <div
            class="extra content"
          >
            <div
              class="ui star disabled rating"
              role="radiogroup"
              tabindex="0"
            >
              <i
                aria-checked="false"
                aria-posinset="1"
                aria-setsize="5"
                class="active icon"
                role="radio"
                tabindex="-1"
              />
              <i
                aria-checked="false"
                aria-posinset="2"
                aria-setsize="5"
                class="active icon"
                role="radio"
                tabindex="-1"
              />
              <i
                aria-checked="false"
                aria-posinset="3"
                aria-setsize="5"
                class="icon"
                role="radio"
                tabindex="-1"
              />
              <i
                aria-checked="false"
                aria-posinset="4"
                aria-setsize="5"
                class="icon"
                role="radio"
                tabindex="-1"
              />
              <i
                aria-checked="false"
                aria-posinset="5"
                aria-setsize="5"
                class="icon"
                role="radio"
                tabindex="-1"
              />
            </div>
             (
            6
             Ratings)
          </div>
        </div>
      </a>
      <a
        href="/unit/615f9a3f490575598b5a0854"
      >
        <div
          class="ui card"
          style="margin-bottom: 10px; margin-top: 10px; margin-right: 10px;"
        >
          <div
            class="content"
          >
            <div
              class="header"
            >
              COMP5323
            </div>
          </div>
          <div
            class="content"
          >
            <div
              class="description"
            >
              345634534t45h45htr4
            </div>
          </div>
          <div
            class="extra content"
          >
            <div
              class="ui star disabled rating"
              role="radiogroup"
              tabindex="0"
            >
              <i
                aria-checked="false"
                aria-posinset="1"
                aria-setsize="5"
                class="active icon"
                role="radio"
                tabindex="-1"
              />
              <i
                aria-checked="false"
                aria-posinset="2"
                aria-setsize="5"
                class="active icon"
                role="radio"
                tabindex="-1"
              />
              <i
                aria-checked="true"
                aria-posinset="3"
                aria-setsize="5"
                class="active icon"
                role="radio"
                tabindex="-1"
              />
              <i
                aria-checked="false"
                aria-posinset="4"
                aria-setsize="5"
                class="icon"
                role="radio"
                tabindex="-1"
              />
              <i
                aria-checked="false"
                aria-posinset="5"
                aria-setsize="5"
                class="icon"
                role="radio"
                tabindex="-1"
              />
            </div>
             (
            4
             Ratings)
          </div>
        </div>
      </a>
      <a
        href="/unit/6163d3bfdd4d7c1df98aa57e"
      >
        <div
          class="ui card"
          style="margin-bottom: 10px; margin-top: 10px; margin-right: 10px;"
        >
          <div
            class="content"
          >
            <div
              class="header"
            >
              COMP34634
            </div>
          </div>
          <div
            class="content"
          >
            <div
              class="description"
            >
              ntrgmnhmyytju,,,,,u.
            </div>
          </div>
          <div
            class="extra content"
          >
            <div
              class="ui star disabled rating"
              role="radiogroup"
              tabindex="0"
            >
              <i
                aria-checked="false"
                aria-posinset="1"
                aria-setsize="5"
                class="active icon"
                role="radio"
                tabindex="-1"
              />
              <i
                aria-checked="true"
                aria-posinset="2"
                aria-setsize="5"
                class="active icon"
                role="radio"
                tabindex="-1"
              />
              <i
                aria-checked="false"
                aria-posinset="3"
                aria-setsize="5"
                class="icon"
                role="radio"
                tabindex="-1"
              />
              <i
                aria-checked="false"
                aria-posinset="4"
                aria-setsize="5"
                class="icon"
                role="radio"
                tabindex="-1"
              />
              <i
                aria-checked="false"
                aria-posinset="5"
                aria-setsize="5"
                class="icon"
                role="radio"
                tabindex="-1"
              />
            </div>
             (
            2
             Ratings)
          </div>
        </div>
      </a>
      <a
        href="/unit/6167684c2f84f347c78fece9"
      >
        <div
          class="ui card"
          style="margin-bottom: 10px; margin-top: 10px; margin-right: 10px;"
        >
          <div
            class="content"
          >
            <div
              class="header"
            >
              ENGG3465
            </div>
          </div>
          <div
            class="content"
          >
            <div
              class="description"
            >
              tgrtjy
            </div>
          </div>
          <div
            class="extra content"
          >
            <div
              class="ui star disabled rating"
              role="radiogroup"
              tabindex="0"
            >
              <i
                aria-checked="false"
                aria-posinset="1"
                aria-setsize="5"
                class="active icon"
                role="radio"
                tabindex="-1"
              />
              <i
                aria-checked="false"
                aria-posinset="2"
                aria-setsize="5"
                class="active icon"
                role="radio"
                tabindex="-1"
              />
              <i
                aria-checked="false"
                aria-posinset="3"
                aria-setsize="5"
                class="icon"
                role="radio"
                tabindex="-1"
              />
              <i
                aria-checked="false"
                aria-posinset="4"
                aria-setsize="5"
                class="icon"
                role="radio"
                tabindex="-1"
              />
              <i
                aria-checked="false"
                aria-posinset="5"
                aria-setsize="5"
                class="icon"
                role="radio"
                tabindex="-1"
              />
            </div>
             (
            2
             Ratings)
          </div>
        </div>
      </a>
      <a
        href="/unit/61676be72f84f347c78fed15"
      >
        <div
          class="ui card"
          style="margin-bottom: 10px; margin-top: 10px; margin-right: 10px;"
        >
          <div
            class="content"
          >
            <div
              class="header"
            >
              PHYS45645
            </div>
          </div>
          <div
            class="content"
          >
            <div
              class="description"
            >
              trhrtjhyktyuyikty
            </div>
          </div>
          <div
            class="extra content"
          >
            <div
              class="ui star disabled rating"
              role="radiogroup"
              tabindex="0"
            >
              <i
                aria-checked="false"
                aria-posinset="1"
                aria-setsize="5"
                class="active icon"
                role="radio"
                tabindex="-1"
              />
              <i
                aria-checked="false"
                aria-posinset="2"
                aria-setsize="5"
                class="active icon"
                role="radio"
                tabindex="-1"
              />
              <i
                aria-checked="false"
                aria-posinset="3"
                aria-setsize="5"
                class="icon"
                role="radio"
                tabindex="-1"
              />
              <i
                aria-checked="false"
                aria-posinset="4"
                aria-setsize="5"
                class="icon"
                role="radio"
                tabindex="-1"
              />
              <i
                aria-checked="false"
                aria-posinset="5"
                aria-setsize="5"
                class="icon"
                role="radio"
                tabindex="-1"
              />
            </div>
             (
            3
             Ratings)
          </div>
        </div>
      </a>
    </div>
  </div>,
  "debug": [Function],
  "findAllByAltText": [Function],
  "findAllByDisplayValue": [Function],
  "findAllByLabelText": [Function],
  "findAllByPlaceholderText": [Function],
  "findAllByRole": [Function],
  "findAllByTestId": [Function],
  "findAllByText": [Function],
  "findAllByTitle": [Function],
  "findByAltText": [Function],
  "findByDisplayValue": [Function],
  "findByLabelText": [Function],
  "findByPlaceholderText": [Function],
  "findByRole": [Function],
  "findByTestId": [Function],
  "findByText": [Function],
  "findByTitle": [Function],
  "getAllByAltText": [Function],
  "getAllByDisplayValue": [Function],
  "getAllByLabelText": [Function],
  "getAllByPlaceholderText": [Function],
  "getAllByRole": [Function],
  "getAllByTestId": [Function],
  "getAllByText": [Function],
  "getAllByTitle": [Function],
  "getByAltText": [Function],
  "getByDisplayValue": [Function],
  "getByLabelText": [Function],
  "getByPlaceholderText": [Function],
  "getByRole": [Function],
  "getByTestId": [Function],
  "getByText": [Function],
  "getByTitle": [Function],
  "queryAllByAltText": [Function],
  "queryAllByDisplayValue": [Function],
  "queryAllByLabelText": [Function],
  "queryAllByPlaceholderText": [Function],
  "queryAllByRole": [Function],
  "queryAllByTestId": [Function],
  "queryAllByText": [Function],
  "queryAllByTitle": [Function],
  "queryByAltText": [Function],
  "queryByDisplayValue": [Function],
  "queryByLabelText": [Function],
  "queryByPlaceholderText": [Function],
  "queryByRole": [Function],
  "queryByTestId": [Function],
  "queryByText": [Function],
  "queryByTitle": [Function],
  "rerender": [Function],
  "unmount": [Function],
}
`;
